AutoDock Vina v1.2.7
#################################################################
# If you used AutoDock Vina in your work, please cite:          #
#                                                               #
# J. Eberhardt, D. Santos-Martins, A. F. Tillack, and S. Forli  #
# AutoDock Vina 1.2.0: New Docking Methods, Expanded Force      #
# Field, and Python Bindings, J. Chem. Inf. Model. (2021)       #
# DOI 10.1021/acs.jcim.1c00203                                  #
#                                                               #
# O. Trott, A. J. Olson,                                        #
# AutoDock Vina: improving the speed and accuracy of docking    #
# with a new scoring function, efficient optimization and       #
# multithreading, J. Comp. Chem. (2010)                         #
# DOI 10.1002/jcc.21334                                         #
#                                                               #
# Please see https://github.com/ccsb-scripps/AutoDock-Vina for  #
# more information.                                             #
#################################################################

Scoring function : vina
Rigid receptor: c:\Users\Andre\Proyectos doctorado\kras-pancreatic-gC3N4-ai\data\raw\7RPZ_receptor.pdbqt
Ligand: c:\Users\Andre\Proyectos doctorado\kras-pancreatic-gC3N4-ai\data\raw\ligands_pdbqt\Niraparib.pdbqt
Grid center: X 5.26132 Y 1.38036 Z -18.3869
Grid size  : X 22 Y 22 Z 22
Grid space : 0.375
Exhaustiveness: 4
CPU: 2
Verbosity: 1

Computing Vina grid ... done.
Performing docking (random seed: 645260530) ... 
0%   10   20   30   40   50   60   70   80   90   100%
|----|----|----|----|----|----|----|----|----|----|
***************************************************

mode |   affinity | dist from best mode
     | (kcal/mol) | rmsd l.b.| rmsd u.b.
-----+------------+----------+----------
   1       -8.349          0          0
   2       -8.108      2.986      7.602
   3       -7.983      2.187      3.608
   4       -7.539      3.011       8.19
   5       -7.398      3.122      7.511
