123
 energy: -235.291320346738 gnorm: 0.007041445091 xtb: 6.7.1pre (5071a88)
N           -0.00168400000000        0.05080100000000        0.38102400000000
C            0.03489600000000        1.45341700000000        0.12329200000000
C            1.21506700000000       -0.63025200000000        0.37221900000000
C           -1.21788100000000       -0.59136800000000        0.28582200000000
N            1.18287100000000        2.05836700000000        0.00138700000000
N           -1.10059300000000        2.10754600000000       -0.00828300000000
N            2.34043400000000       -0.00188700000000        0.22262000000000
N            1.15689600000000       -1.97041800000000        0.52084000000000
N           -2.31255300000000        0.06413500000000        0.03674900000000
N           -1.22353500000000       -1.93253100000000        0.44700100000000
C            2.29884500000000        1.32573300000000        0.07668900000000
C           -0.04929100000000       -2.55215200000000        0.84215000000000
C           -2.21965800000000        1.40112800000000       -0.04579200000000
N            3.51207000000000        1.93103000000000       -0.03371100000000
N           -0.08697900000000       -3.88547900000000        1.21418100000000
N           -3.41539100000000        2.02678400000000       -0.21272200000000
C            3.79432200000000        3.33273900000000        0.08563600000000
C            4.65966600000000        1.21201900000000       -0.15820800000000
C           -3.63420900000000        3.44000800000000       -0.24751600000000
C           -4.48754700000000        1.24403500000000       -0.38227500000000
C            0.91800200000000       -4.56331200000000        0.30380400000000
C           -1.03870500000000       -4.51451900000000        0.22854700000000
N            4.97855300000000        3.80063500000000       -0.14345500000000
N            5.79398200000000        1.65009800000000       -0.28273400000000
N           -4.93239700000000        3.88076700000000       -0.22018700000000
N           -5.43845000000000        0.63541300000000       -0.56090300000000
N            2.01660400000000       -3.97357300000000        0.02442100000000
N           -2.09710000000000       -3.90309700000000       -0.14181500000000
C            6.06983000000000        3.03951000000000       -0.43308300000000
C           -6.03788400000000        3.41264600000000       -0.03845700000000
C           -0.04828900000000       -5.44608400000000       -0.30669700000000
N            7.21387000000000        3.39498000000000       -0.79291100000000
N           -7.16301700000000        3.25889700000000        0.34315000000000
N            0.02937600000000       -6.52846100000000       -0.94770700000000
C            2.79502700000000        4.19275000000000        0.52575700000000
C           -2.65924100000000        4.32835900000000       -0.33004700000000
C            2.32828000000000       -2.77377700000000        0.39543000000000
C           -2.39942700000000       -2.68807200000000        0.21349900000000
C            1.60969400000000        4.75217600000000        0.57702500000000
C           -1.41112700000000        5.09054500000000       -0.38743300000000
N            2.66169000000000        5.64837200000000        0.88749800000000
N           -2.55079100000000        5.72567900000000       -0.35756000000000
H            7.36493300000000        4.38136400000000       -0.95138300000000
H           -7.96095000000000        2.88658400000000       -0.13023600000000
H           -0.85622700000000       -6.93123600000000       -1.23318100000000
H            2.89505100000000        6.32177400000000        0.15334200000000
H           -3.07776600000000        6.57695800000000       -0.35270900000000
H            0.55073300000000        4.73097000000000        0.43692000000000
C            0.42377700000000       -3.16609900000000       10.92128100000000
C            1.38582100000000       -3.65946700000000       10.39753200000000
C            2.55474900000000       -4.33203800000000        9.97189300000000
C            3.42056800000000       -4.80524300000000       10.93945100000000
C            4.55317900000000       -5.56094400000000       10.63495300000000
C            4.80716500000000       -5.87944000000000        9.33083600000000
C            3.96183700000000       -5.42795500000000        8.29558800000000
C            4.21077800000000       -5.79389500000000        6.95854500000000
C            3.38066000000000       -5.37575300000000        5.95003100000000
C            2.30129400000000       -4.52446400000000        6.24736900000000
C            2.05036400000000       -4.12479000000000        7.53413500000000
C            2.84476800000000       -4.60575500000000        8.60631700000000
C            0.98181700000000       -3.12459700000000        7.73863500000000
N           -0.26667600000000       -3.46860200000000        7.39841500000000
C           -1.23828100000000       -2.60758200000000        7.55961500000000
C           -1.06321000000000       -1.31190300000000        8.06446600000000
C            0.27456700000000       -0.86904700000000        8.26790000000000
C            1.28814700000000       -1.83626400000000        8.12869700000000
F            2.56933000000000       -1.48159200000000        8.33787300000000
N            0.58671200000000        0.41269900000000        8.53101900000000
C           -0.41517800000000        1.26051100000000        8.52157100000000
N           -1.71264300000000        0.96019700000000        8.42329500000000
C           -2.07450600000000       -0.30641000000000        8.28318700000000
N           -3.39416200000000       -0.57304000000000        8.30924400000000
C           -3.96166900000000       -1.79225300000000        8.83764800000000
C           -4.70469700000000       -1.47917300000000       10.15106900000000
C           -3.78293900000000       -0.69476200000000       11.11383300000000
C           -4.05544500000000        0.77576200000000       10.75533000000000
C           -5.07495200000000        0.67285300000000        9.60125600000000
C           -4.34720300000000        0.51963400000000        8.26206300000000
N           -5.79445200000000       -0.57596000000000        9.81760700000000
O           -0.19173800000000        2.55725000000000        8.67966700000000
C            1.15790300000000        2.97037000000000        8.82027000000000
C            1.17329100000000        4.44872600000000        9.23438000000000
C            2.62038900000000        4.92890500000000        9.46863700000000
C            2.63813800000000        6.32641800000000        8.85452700000000
C            1.69391200000000        6.14294200000000        7.66323400000000
N            0.63300100000000        5.26801800000000        8.13549500000000
C           -0.58524500000000        5.92876500000000        8.56770400000000
C           -1.05823200000000        5.13632200000000        9.78471400000000
C            0.24589200000000        4.68836600000000       10.43456700000000
F           -1.80341100000000        5.92906300000000       10.63326700000000
O            3.56026400000000       -5.72285600000000        4.65127800000000
F            3.16461200000000       -4.55372300000000       12.24114000000000
H           -0.43790700000000       -2.70899900000000       11.30665800000000
H            5.18928500000000       -5.89415600000000       11.43976400000000
H            5.66054900000000       -6.48989400000000        9.07676100000000
H            5.06661700000000       -6.41957000000000        6.74158200000000
H            1.68477000000000       -4.17247000000000        5.43627200000000
H           -2.20470900000000       -2.94823500000000        7.21452100000000
H           -3.18129100000000       -2.52382000000000        9.03628000000000
H           -4.67962100000000       -2.20318100000000        8.12086100000000
H           -5.08141000000000       -2.41127900000000       10.57638200000000
H           -4.04685600000000       -0.90828800000000       12.14962000000000
H           -2.73786900000000       -0.96398300000000       10.96663100000000
H           -4.48847600000000        1.31333900000000       11.59844400000000
H           -3.15827800000000        1.29952800000000       10.43333300000000
H           -5.76047100000000        1.51959700000000        9.55065800000000
H           -3.80868500000000        1.42970300000000        8.00518600000000
H           -5.08650700000000        0.28445800000000        7.49042200000000
H           -6.43576300000000       -0.48711800000000       10.60005200000000
H            1.65905500000000        2.34854100000000        9.57000400000000
H            1.67419800000000        2.84273900000000        7.86325200000000
H            2.88121300000000        4.92062600000000       10.52478100000000
H            3.31589500000000        4.28012700000000        8.93543700000000
H            2.22415500000000        7.05659000000000        9.55206100000000
H            3.63402000000000        6.64977500000000        8.56099800000000
H            2.22003400000000        5.63700500000000        6.84691800000000
H            1.28439500000000        7.07856600000000        7.28303200000000
H           -0.41476000000000        6.97084700000000        8.87727600000000
H           -1.31921700000000        5.92288100000000        7.75800500000000
H           -1.69058700000000        4.29014100000000        9.50579400000000
H            0.12533800000000        3.80232500000000       11.05304700000000
H            0.62157200000000        5.50522600000000       11.05341700000000
H            4.33301400000000       -6.29420900000000        4.56418100000000
123
 energy: -235.291365349189 gnorm: 0.003833494556 xtb: 6.7.1pre (5071a88)
N           -0.00151983551278        0.05051316717937        0.38128559720929
C            0.03485488186180        1.45303605213144        0.12281955669249
C            1.21542053402658       -0.63036623416808        0.37313292392670
C           -1.21751301397119       -0.59163424811307        0.28587093223714
N            1.18251209689974        2.05821163343825        0.00086663175028
N           -1.10086469150696        2.10732374680910       -0.00978803012477
N            2.34056350058778       -0.00195369307498        0.22320220836406
N            1.15749249261073       -1.97079012538615        0.52148622723137
N           -2.31248308806385        0.06388677058835        0.03678848017558
N           -1.22314395498278       -1.93287454476529        0.44741946744057
C            2.29876844552482        1.32575903921616        0.07680554174220
C           -0.04871539674124       -2.55249170868682        0.84285076565556
C           -2.21954714965444        1.40071515877741       -0.04660028616928
N            3.51188318448916        1.93118173804383       -0.03288508858243
N           -0.08707011569930       -3.88526482986901        1.21504927315579
N           -3.41582765921358        2.02616354404724       -0.21382999616258
C            3.79388788065860        3.33289064144821        0.08596578088632
C            4.65979144551507        1.21252934279767       -0.15568894602091
C           -3.63490631201003        3.43980218553198       -0.24830874577325
C           -4.48713219534944        1.24303894757038       -0.38299644455819
C            0.91865474014252       -4.56342970421784        0.30580274094208
C           -1.03797980108922       -4.51498644851932        0.22901951985024
N            4.97836522287566        3.80078991235692       -0.14321627819244
N            5.79431383361673        1.65079004717238       -0.27961351916011
N           -4.93285406338239        3.88132919706612       -0.21875874356239
N           -5.43881716403403        0.63431352053578       -0.55958615585070
N            2.01701274443487       -3.97408045915723        0.02494017853464
N           -2.09582624437398       -3.90344980375448       -0.14306291480238
C            6.06969584898373        3.03967659469633       -0.43176430080134
C           -6.03713960890482        3.41373275801434       -0.03321755222431
C           -0.04744448869784       -5.44643433098379       -0.30502319236701
N            7.21347497449609        3.39443755786439       -0.79305922547017
N           -7.16468545871346        3.26712626766883        0.34326061291571
N            0.03083011851805       -6.52918327989503       -0.94594391622867
C            2.79442161664067        4.19259999810792        0.52655726467685
C           -2.65987388923299        4.32803980534400       -0.33129789262455
C            2.32856032551708       -2.77400377204450        0.39555464865819
C           -2.39843968173033       -2.68788419674698        0.21169089890866
C            1.60919119354160        4.75183603176491        0.57866833931950
C           -1.41179184687396        5.08983636552588       -0.39084200222730
N            2.66209301859328        5.64890950041317        0.88627602502575
N           -2.55131307833466        5.72531394020905       -0.35862624441684
H            7.36342012083949        4.38042126349000       -0.95406554753541
H           -7.95898767778339        2.88483517045619       -0.12731122097766
H           -0.85475020490766       -6.93177999583967       -1.23169305127136
H            2.89546745621209        6.32072211682961        0.15098872996196
H           -3.07791630646384        6.57669171476732       -0.35232366020856
H            0.55042355283602        4.73078097549672        0.43953076025769
C            0.41523547308120       -3.17532352712372       10.91756854544489
C            1.38572773552494       -3.65718214546002       10.39766224859254
C            2.55434129591700       -4.33028531019310        9.97150474436176
C            3.41959411649322       -4.80397533494408       10.93945356300955
C            4.55202081693586       -5.56012221725197       10.63510050156797
C            4.80622805719699       -5.87861398996605        9.33081173630738
C            3.96123659506708       -5.42718365758884        8.29506577038133
C            4.21034283371472       -5.79310290651435        6.95790344237033
C            3.37991984292391       -5.37546933489170        5.94872583019115
C            2.30011086731871       -4.52454146582217        6.24658546570281
C            2.04973378584720       -4.12444892122249        7.53344563501770
C            2.84424821028987       -4.60465036660508        8.60595175728446
C            0.98122328973582       -3.12432357914072        7.73790847332476
N           -0.26741066528924       -3.46784309367871        7.39719802751293
C           -1.23921891475314       -2.60732474067552        7.55831911374754
C           -1.06374992552581       -1.31156781209234        8.06376316405759
C            0.27410158819186       -0.86867596507245        8.26777744897183
C            1.28764848808818       -1.83559970946774        8.12867104120254
F            2.56860493253770       -1.47997498939410        8.33719803027414
N            0.58579687066973        0.41410884314118        8.52995555480249
C           -0.41620700335026        1.26113559566732        8.52103409021787
N           -1.71361550469244        0.96104546330518        8.42147441273152
C           -2.07506503234176       -0.30644919903069        8.28268740528807
N           -3.39443750938365       -0.57399159459161        8.30907524429177
C           -3.96010755458656       -1.79398924593450        8.83829403116788
C           -4.70337284348195       -1.48075424839523       10.15174390478421
C           -3.78168602621707       -0.69610412647141       11.11477664618486
C           -4.05442190161893        0.77439061526662       10.75576054537916
C           -5.07508881786532        0.67131354628162        9.60237662704696
C           -4.34854864076603        0.51794028598991        8.26205079232493
N           -5.79369649863196       -0.57783307699710        9.81882584898676
O           -0.19263289311709        2.55885060910531        8.67800936520253
C            1.15733284508395        2.97084526490445        8.81944217042251
C            1.17373814521821        4.44870099109700        9.23483674001643
C            2.62091155791011        4.92816292561084        9.46904930492067
C            2.63992021860530        6.32560137033620        8.85464700866560
C            1.69609153216385        6.14341694153898        7.66307387361858
N            0.63447049920409        5.26995105477946        8.13660277782891
C           -0.58414924451394        5.93007806049641        8.56787704838844
C           -1.05817462147810        5.13721035873382        9.78436471849534
C            0.24570961646055        4.68883135648882       10.43443988496920
F           -1.80374882680024        5.93066236249510       10.63157039061321
O            3.55745801017208       -5.72156261097409        4.65098079001503
F            3.16307886595400       -4.55213717224176       12.24121366738953
H           -0.43510375499901       -2.69952420599600       11.30606943856318
H            5.18786894587465       -5.89351778430370       11.44008719807075
H            5.65957176149519       -6.48925069668463        9.07689622948449
H            5.06632309619224       -6.41851235690202        6.74111578960805
H            1.68312263328901       -4.17407490886799        5.43496869661734
H           -2.20589204156620       -2.94811691749613        7.21373902484346
H           -3.17789032418783       -2.52378302800688        9.03763901329451
H           -4.67694747069074       -2.20667580630660        8.12122173529057
H           -5.07973411686487       -2.41294162671301       10.57727245746253
H           -4.04555178151779       -0.90935749483612       12.15062635427877
H           -2.73657443873410       -0.96499413440541       10.96805392947583
H           -4.48690814962531        1.31299682548914       11.59882522132927
H           -3.15710136261772        1.29757619942742       10.43297325586623
H           -5.76135702940268        1.51792351137956        9.55256250782945
H           -3.81078479115665        1.42852650535296        8.00477842843584
H           -5.08858441249165        0.28188543055277        7.49062556241456
H           -6.43563687328863       -0.48992696031301       10.60087238284338
H            1.65799038338465        2.34850554016077        9.56892939309376
H            1.67426253720138        2.84332779597845        7.86265884345867
H            2.88111627472628        4.91990927133340       10.52523806307274
H            3.31619054926231        4.27880180511937        8.93640881389371
H            2.22683414091429        7.05644436447010        9.55200437071996
H            3.63595196247411        6.64759900136637        8.56064551624943
H            2.22143043219142        5.63681795633380        6.84671556057752
H            1.28739252284451        7.07936763952091        7.28280910603081
H           -0.41321291085740        6.97182892487927        8.87782689906658
H           -1.31745593139277        5.92501571930292        7.75738694457182
H           -1.69060704309403        4.29118646246011        9.50488256017417
H            0.12443053759400        3.80272853009292       11.05252726974798
H            0.62147862008984        5.50532613512278       11.05367468032125
H            4.33132706686751       -6.29092733114517        4.56001922003277
