77
 energy: -168.301980281770 gnorm: 0.007715274737 xtb: 6.7.1pre (5071a88)
N           -0.00168400000000        0.05080100000000        0.38102400000000
C            0.03489600000000        1.45341700000000        0.12329200000000
C            1.21506700000000       -0.63025200000000        0.37221900000000
C           -1.21788100000000       -0.59136800000000        0.28582200000000
N            1.18287100000000        2.05836700000000        0.00138700000000
N           -1.10059300000000        2.10754600000000       -0.00828300000000
N            2.34043400000000       -0.00188700000000        0.22262000000000
N            1.15689600000000       -1.97041800000000        0.52084000000000
N           -2.31255300000000        0.06413500000000        0.03674900000000
N           -1.22353500000000       -1.93253100000000        0.44700100000000
C            2.29884500000000        1.32573300000000        0.07668900000000
C           -0.04929100000000       -2.55215200000000        0.84215000000000
C           -2.21965800000000        1.40112800000000       -0.04579200000000
N            3.51207000000000        1.93103000000000       -0.03371100000000
N           -0.08697900000000       -3.88547900000000        1.21418100000000
N           -3.41539100000000        2.02678400000000       -0.21272200000000
C            3.79432200000000        3.33273900000000        0.08563600000000
C            4.65966600000000        1.21201900000000       -0.15820800000000
C           -3.63420900000000        3.44000800000000       -0.24751600000000
C           -4.48754700000000        1.24403500000000       -0.38227500000000
C            0.91800200000000       -4.56331200000000        0.30380400000000
C           -1.03870500000000       -4.51451900000000        0.22854700000000
N            4.97855300000000        3.80063500000000       -0.14345500000000
N            5.79398200000000        1.65009800000000       -0.28273400000000
N           -4.93239700000000        3.88076700000000       -0.22018700000000
N           -5.43845000000000        0.63541300000000       -0.56090300000000
N            2.01660400000000       -3.97357300000000        0.02442100000000
N           -2.09710000000000       -3.90309700000000       -0.14181500000000
C            6.06983000000000        3.03951000000000       -0.43308300000000
C           -6.03788400000000        3.41264600000000       -0.03845700000000
C           -0.04828900000000       -5.44608400000000       -0.30669700000000
N            7.21387000000000        3.39498000000000       -0.79291100000000
N           -7.16301700000000        3.25889700000000        0.34315000000000
N            0.02937600000000       -6.52846100000000       -0.94770700000000
C            2.79502700000000        4.19275000000000        0.52575700000000
C           -2.65924100000000        4.32835900000000       -0.33004700000000
C            2.32828000000000       -2.77377700000000        0.39543000000000
C           -2.39942700000000       -2.68807200000000        0.21349900000000
C            1.60969400000000        4.75217600000000        0.57702500000000
C           -1.41112700000000        5.09054500000000       -0.38743300000000
N            2.66169000000000        5.64837200000000        0.88749800000000
N           -2.55079100000000        5.72567900000000       -0.35756000000000
H            7.36493300000000        4.38136400000000       -0.95138300000000
H           -7.96095000000000        2.88658400000000       -0.13023600000000
H           -0.85622700000000       -6.93123600000000       -1.23318100000000
H            2.89505100000000        6.32177400000000        0.15334200000000
H           -3.07776600000000        6.57695800000000       -0.35270900000000
H            0.55073300000000        4.73097000000000        0.43692000000000
C           -0.20318900000000        3.28979700000000        5.87020200000000
C            0.22270700000000        2.06480600000000        5.48642800000000
N           -0.00675100000000        0.97000800000000        6.24275200000000
C           -0.71726500000000        1.08214000000000        7.48939900000000
O           -0.90139100000000        0.08412700000000        8.14990800000000
N           -1.12904200000000        2.30119900000000        7.84616800000000
C           -0.89473200000000        3.36601400000000        7.11815100000000
N           -1.34441500000000        4.54135200000000        7.58338100000000
C            0.54196100000000       -0.30736600000000        5.84716000000000
C            1.70555700000000       -0.75783800000000        6.77622300000000
C            1.15693200000000       -1.96687400000000        7.53813600000000
C            0.05074300000000       -2.46156900000000        6.58520300000000
O           -0.41923200000000       -1.31394400000000        5.88045200000000
C           -1.13147100000000       -3.14427800000000        7.29635000000000
O           -1.40189900000000       -2.63685700000000        8.56427900000000
O            2.15602900000000       -2.91128800000000        7.77731100000000
F            2.78718800000000       -1.06884000000000        6.01916700000000
F            2.12038000000000        0.24936000000000        7.58023300000000
H           -0.02220200000000        4.16504000000000        5.27181800000000
H            0.76681100000000        1.90893300000000        4.56418100000000
H           -1.13048300000000        5.40596300000000        7.12088500000000
H           -1.77933200000000        4.54980600000000        8.48981700000000
H            0.94195900000000       -0.19576400000000        4.82507000000000
H            0.70944200000000       -1.58478300000000        8.46533000000000
H            0.50087600000000       -3.15814900000000        5.86073600000000
H           -2.00010400000000       -3.05442400000000        6.62917500000000
H           -0.90033300000000       -4.20517600000000        7.43303500000000
H           -1.50859600000000       -1.67131100000000        8.50149100000000
H            1.82985200000000       -3.54008400000000        8.43025500000000
77
 energy: -168.302050102962 gnorm: 0.004209788537 xtb: 6.7.1pre (5071a88)
N           -0.00213492209036        0.05029951252213        0.38344696859145
C            0.03436319792380        1.45322638046175        0.12639927536238
C            1.21512539176308       -0.63063661448995        0.37381997376681
C           -1.21821016758687       -0.59179989662903        0.28613158713425
N            1.18224067381543        2.05879197412964        0.00705804365335
N           -1.10131862464297        2.10797817872299       -0.00362557621384
N            2.34036600247489       -0.00197502985446        0.22481201789258
N            1.15692994257087       -1.97103991115241        0.52170603125254
N           -2.31274132947812        0.06406724069420        0.03684689110073
N           -1.22361907454571       -1.93311246906360        0.44685694461092
C            2.29884844587526        1.32573972455292        0.07934133760367
C           -0.04936865353774       -2.55261538640574        0.84291069171571
C           -2.22012256033670        1.40096976909007       -0.04407068142246
N            3.51208095536410        1.93121668546678       -0.03087860894393
N           -0.08740913619957       -3.88567884448006        1.21404201609632
N           -3.41595297989163        2.02636782424887       -0.21233850090990
C            3.79443748856352        3.33293625503993        0.08777295281346
C            4.65999984295512        1.21364898929003       -0.15580015182600
C           -3.63500056527959        3.43987887551861       -0.24756066180270
C           -4.48724745027444        1.24312214150212       -0.38365957349201
C            0.91847329248163       -4.56365691442143        0.30464283364801
C           -1.03848104110336       -4.51530463075018        0.22829603423578
N            4.97858732164922        3.80109726353524       -0.14150524987883
N            5.79367310218749        1.65170681168547       -0.28038934219394
N           -4.93253978559714        3.88196897996010       -0.21941138738871
N           -5.43812441452204        0.63434663558648       -0.56298433712514
N            2.01652843903633       -3.97389405903850        0.02423869104711
N           -2.09592960934545       -3.90363998424872       -0.14368282373081
C            6.07008033561785        3.04062726597008       -0.43147049635142
C           -6.03755400918821        3.41492979856871       -0.03471376769855
C           -0.04777266615220       -5.44689225942983       -0.30608653268480
N            7.21330886647197        3.39521438063479       -0.79311311496069
N           -7.16461367138101        3.26874200901217        0.34200588823413
N            0.03064055832327       -6.52917322669451       -0.94676406158120
C            2.79414719790340        4.19231839191982        0.52762163942804
C           -2.65981808776853        4.32813048276166       -0.32939042975500
C            2.32769184432901       -2.77426844971335        0.39558848871325
C           -2.39819556443726       -2.68820280364190        0.21077555588749
C            1.60874245357942        4.75132545179890        0.57698057551983
C           -1.41186455979905        5.09047671924912       -0.38273892125683
N            2.66096900975061        5.64859037025401        0.88853970957398
N           -2.55174542888145        5.72579304751377       -0.35956214281665
H            7.36472580071582        4.38100369191003       -0.95343812530470
H           -7.95849648936871        2.88251017696707       -0.12621010664787
H           -0.85443534656510       -6.93256297209204       -1.23275754908490
H            2.89714398958117        6.32024274447428        0.15391986416471
H           -3.07869036314736        6.57698410647040       -0.35944127930962
H            0.55061046218889        4.73070906529534        0.43305876897130
C           -0.20432789645074        3.29051410317875        5.86813039523210
C            0.22258514555941        2.06567795868587        5.48535824049578
N           -0.00577103514246        0.97037592923583        6.24138022863770
C           -0.71640483104400        1.08280240132975        7.48942797386291
O           -0.90021936785897        0.08538585424143        8.14926041841963
N           -1.12926428600984        2.30189597545706        7.84501305993853
C           -0.89539953402523        3.36661844116041        7.11708626441952
N           -1.34734219812001        4.54118597826943        7.58178014016019
C            0.54414420203777       -0.30754611819468        5.84715267805753
C            1.70641792728967       -0.75909293488633        6.77689491557976
C            1.15623637985881       -1.96843678376612        7.53719517805462
C            0.05078466843072       -2.46261771341846        6.58242698695903
O           -0.41738831259156       -1.31331067006176        5.87610597342031
C           -1.13231861330166       -3.14393818663379        7.29332712629104
O           -1.40294848012209       -2.63756450057171        8.56206375235823
O            2.15574461977719       -2.91122643975046        7.77709134832836
F            2.78729063745956       -1.06762936572042        6.01874832501819
F            2.11860744766388        0.24894710308703        7.58118374394159
H           -0.02101541373143        4.16582050458043        5.27008003878956
H            0.77040055200722        1.91143758184945        4.56441436319266
H           -1.13184624174794        5.40576352104572        7.12031114193476
H           -1.78123770543727        4.54902970575288        8.48868542732762
H            0.94815686606233       -0.19503730783550        4.82621255947321
H            0.70811845279396       -1.58715242514196        8.46454175146762
H            0.50046497798760       -3.15931253584120        5.85808995437323
H           -2.00109940466562       -3.05394730993590        6.62649646390103
H           -0.90198694834669       -4.20460408425855        7.42928930173263
H           -1.50917268370309       -1.67239302392512        8.50119912214535
H            1.83046296136880       -3.54215215063397        8.42852776785131
77
 energy: -168.302106131718 gnorm: 0.002925942150 xtb: 6.7.1pre (5071a88)
N           -0.00322322888022        0.04930552698838        0.38929432135534
C            0.03336894222008        1.45299161781761        0.13509491049565
C            1.21494877791500       -0.63128716632170        0.37788580486270
C           -1.21894811618975       -0.59256254771302        0.28761497646453
N            1.18095432468188        2.05940384044356        0.01921860257830
N           -1.10252961172656        2.10880034406404        0.00726821362921
N            2.33989577693514       -0.00201936966906        0.23018647174159
N            1.15676111875474       -1.97219745513731        0.52374028884547
N           -2.31312647028107        0.06411476343227        0.03807828075801
N           -1.22400428429278       -1.93435509706206        0.44644745019663
C            2.29850503617195        1.32576837406731        0.08616056729314
C           -0.04972587648549       -2.55366824212861        0.84447349533550
C           -2.22081068671115        1.40094984782831       -0.03884999912100
N            3.51171106377184        1.93149201135088       -0.02430524692339
N           -0.08840868949770       -3.88642972142955        1.21388733791601
N           -3.41668557085164        2.02624254431366       -0.20942946939852
C            3.79452964633316        3.33341768774832        0.09281183305666
C            4.66017571507334        1.21642438025043       -0.14992705624515
C           -3.63579265105671        3.44010344308018       -0.24587621006957
C           -4.48682936167133        1.24287510451464       -0.38507709007794
C            0.91916552267072       -4.56486842983361        0.30639899913090
C           -1.03806489660819       -4.51728023655358        0.22745820913046
N            4.97837455978829        3.80192906395852       -0.13722051575976
N            5.79303824884257        1.65444390066693       -0.27495638407650
N           -4.93278133310985        3.88335099193149       -0.22471936966580
N           -5.43750378195616        0.63452891656147       -0.56756358743468
N            2.01617923540477       -3.97463479378627        0.02400906092466
N           -2.09350632353719       -3.90484644921583       -0.14834597145993
C            6.07028137249406        3.04278229908474       -0.42839879346826
C           -6.03804331630542        3.41770372570659       -0.03928237044744
C           -0.04666116149831       -5.44909045052141       -0.30489071180941
N            7.21224098995209        3.39583962308277       -0.79376378372859
N           -7.16191047710647        3.27239195695135        0.34548631248094
N            0.03351206998949       -6.53141063265790       -0.94481818633217
C            2.79286383949739        4.19216464924955        0.53175830163352
C           -2.66037581395012        4.32825369578284       -0.32676521638168
C            2.32634009944752       -2.77515599768966        0.39638283077810
C           -2.39580230192111       -2.68876019994940        0.20481124123249
C            1.60749464620964        4.75107857112623        0.57666673127883
C           -1.41326013291820        5.09089847444423       -0.38030518339429
N            2.66038754680035        5.64930921456581        0.89081400739804
N           -2.55334017998655        5.72645199288616       -0.36215667194207
H            7.36469704376875        4.38062696026979       -0.95748621577549
H           -7.96006180878110        2.88548602161240       -0.11332154604656
H           -0.85041448226792       -6.93613774278841       -1.23213373260788
H            2.90072061391420        6.31826516303854        0.15542006976117
H           -3.08040584952094        6.57740464420047       -0.37023602298211
H            0.55025096306018        4.73136934244086        0.42797969266738
C           -0.20570891702918        3.29185831775255        5.86444051331676
C            0.22416568770011        2.06752016014485        5.48369446127964
N           -0.00305914686542        0.97128210485749        6.23842040212960
C           -0.71485349733535        1.08351923441019        7.48846123830200
O           -0.89694817467753        0.08652762335191        8.14750487160844
N           -1.12938188052327        2.30260577447102        7.84201724544977
C           -0.89749424801630        3.36730746374727        7.11387848362155
N           -1.35402082342955        4.54053819024689        7.57748856758019
C            0.54878409847860       -0.30708101666991        5.84598000914524
C            1.70797573542597       -0.76041285478477        6.77835562610450
C            1.15547212649828       -1.97106352487355        7.53480703608313
C            0.05111860559043       -2.46370928074086        6.57706541366858
O           -0.41311163974783       -1.31166666656759        5.86758036681826
C           -1.13411773515427       -3.14305089647241        7.28601451654142
O           -1.40513205172054       -2.63893189653270        8.55615528617247
O            2.15492987154921       -2.91230141581569        7.77570259619807
F            2.78904945898430       -1.06609128404515        6.02098139234087
F            2.11621354635382        0.24723716959922        7.58529659981948
H           -0.01991774405319        4.16699605424698        5.26649814048871
H            0.77604078385744        1.91592057504819        4.56393294410862
H           -1.13472874662020        5.40532525231602        7.11846997291833
H           -1.78522348683106        4.54718503532074        8.48568783260602
H            0.95952912447161       -0.19209156993805        4.82716595361328
H            0.70535708067400       -1.59152230685035        8.46204917035782
H            0.49983555015150       -3.16059459845910        5.85295592052314
H           -2.00286584337720       -3.05135276167344        6.61951901067540
H           -0.90564764041228       -4.20380842442531        7.42056071442293
H           -1.51097476636641       -1.67425565649965        8.49875342511385
H            1.83053392583876       -3.54735196216825        8.42373761319933
77
 energy: -168.302137643514 gnorm: 0.003324232945 xtb: 6.7.1pre (5071a88)
N           -0.00417354948782        0.04853125967464        0.39485199171220
C            0.03274268896408        1.45283405194990        0.14369538543345
C            1.21456709842350       -0.63167152254893        0.38244501817806
C           -1.21949771328305       -0.59314728429418        0.28969536196200
N            1.18007222499949        2.05960970900249        0.02934915203558
N           -1.10313859111281        2.10914073797432        0.01589339569116
N            2.33932285779241       -0.00191687151016        0.23593274658993
N            1.15640261196197       -1.97302545283339        0.52601196916285
N           -2.31330333443442        0.06404076510778        0.03948957788674
N           -1.22444821429311       -1.93548124215352        0.44600799023286
C            2.29800699702907        1.32584439438877        0.09344911709272
C           -0.05022411176946       -2.55465426663023        0.84588747053824
C           -2.22097107876898        1.40088321379510       -0.03471741792112
N            3.51111982368506        1.93173044394088       -0.01785481393125
N           -0.08937330543382       -3.88742691018613        1.21383445906826
N           -3.41668314803044        2.02623301186179       -0.20728666031493
C            3.79424938432524        3.33405802410680        0.09765490657298
C            4.65989876940902        1.21804973815168       -0.14363178740299
C           -3.63570139579119        3.44006840143411       -0.24637429225383
C           -4.48671097100655        1.24325952642273       -0.38459774772526
C            0.91949981733425       -4.56633620689174        0.30795593619579
C           -1.03766918877469       -4.51925433958303        0.22630247619627
N            4.97777206302935        3.80261328532144       -0.13334402045182
N            5.79255572785910        1.65601391467991       -0.26940390528139
N           -4.93278705572484        3.88280167217947       -0.22620778278595
N           -5.43650923897457        0.63492020226026       -0.57148476173448
N            2.01578371276583       -3.97530004071866        0.02432142575730
N           -2.09135367894211       -3.90597876185865       -0.15318512730142
C            6.06990825470232        3.04433135648782       -0.42565768835313
C           -6.03679978787620        3.41632066053339       -0.03406027279483
C           -0.04553246585985       -5.45139879450545       -0.30398140345995
N            7.21105335132493        3.39636343103882       -0.79422543497630
N           -7.16318179091414        3.27983301097214        0.34735694678806
N            0.03634225611325       -6.53401277370124       -0.94308107053548
C            2.79222405159403        4.19302780275564        0.53569571075608
C           -2.66036098523262        4.32835999768000       -0.32718767875950
C            2.32513699314873       -2.77581325083945        0.39785002931402
C           -2.39386933240106       -2.68967652903818        0.19944618531156
C            1.60699683935804        4.75241344042889        0.57685481581315
C           -1.41418063811757        5.09184598027796       -0.37976426230921
N            2.66047768636344        5.65048380679672        0.89286130872970
N           -2.55471269072055        5.72685535161349       -0.36544508891142
H            7.36445636356944        4.38049528291194       -0.96070053407160
H           -7.96139028723110        2.88780762205223       -0.10691549654595
H           -0.84656900037181       -6.93987886732935       -1.23179684216229
H            2.90283759022187        6.31782519269790        0.15675915172746
H           -3.08230196728245        6.57735970683571       -0.37906668956573
H            0.54992574320787        4.73325244038578        0.42659513361229
C           -0.20595895068420        3.29274109721829        5.86186411594609
C            0.22675380128258        2.06888815087459        5.48245687295952
N           -0.00006368025231        0.97215868803719        6.23599753520530
C           -0.71341763704400        1.08367144028807        7.48672870505832
O           -0.89397134467228        0.08622976330283        8.14517835970770
N           -1.12941783737101        2.30242256779433        7.83880636902042
C           -0.89955694130240        3.36731561854913        7.11034996158185
N           -1.36032096282448        4.53956426669876        7.57275093010465
C            0.55298334823127       -0.30595691253845        5.84417901578127
C            1.70930754779752       -0.76069820296961        6.77954956901411
C            1.15511596365333       -1.97282998724020        7.53241535901168
C            0.05184737883812       -2.46370264371417        6.57236829321426
O           -0.40894547414121       -1.31002899216493        5.86098009509197
C           -1.13565833502928       -3.14171750067284        7.27854660981158
O           -1.40723892886910       -2.63988296004367        8.54967806233673
O            2.15392455025391       -2.91431932407508        7.77329278885062
F            2.79230210502740       -1.06543885273461        6.02524360844327
F            2.11521260476951        0.24512849392504        7.59013045521774
H           -0.02015492402123        4.16760038292070        5.26362167532121
H            0.77980829712899        1.91885484349180        4.56297555817103
H           -1.13736161802428        5.40479339005588        7.11618762120022
H           -1.78918332943859        4.54528963531258        8.48210190225118
H            0.96775440158983       -0.18880180259056        4.82694304776228
H            0.70302542916428       -1.59496585522230        8.45944634687437
H            0.50007564748987       -3.16065631319805        5.84838264206513
H           -2.00376355577850       -3.04712942051878        6.61166051845803
H           -0.90927460777755       -4.20313038764484        7.41162431009194
H           -1.51291879792812       -1.67525500627089        8.49475748745829
H            1.82918646458433       -3.55237749796925        8.41824930118796
