123
 energy: -235.290650925559 gnorm: 0.006452174516 xtb: 6.7.1pre (5071a88)
N           -0.00168400000000        0.05080100000000        0.38102400000000
C            0.03489600000000        1.45341700000000        0.12329200000000
C            1.21506700000000       -0.63025200000000        0.37221900000000
C           -1.21788100000000       -0.59136800000000        0.28582200000000
N            1.18287100000000        2.05836700000000        0.00138700000000
N           -1.10059300000000        2.10754600000000       -0.00828300000000
N            2.34043400000000       -0.00188700000000        0.22262000000000
N            1.15689600000000       -1.97041800000000        0.52084000000000
N           -2.31255300000000        0.06413500000000        0.03674900000000
N           -1.22353500000000       -1.93253100000000        0.44700100000000
C            2.29884500000000        1.32573300000000        0.07668900000000
C           -0.04929100000000       -2.55215200000000        0.84215000000000
C           -2.21965800000000        1.40112800000000       -0.04579200000000
N            3.51207000000000        1.93103000000000       -0.03371100000000
N           -0.08697900000000       -3.88547900000000        1.21418100000000
N           -3.41539100000000        2.02678400000000       -0.21272200000000
C            3.79432200000000        3.33273900000000        0.08563600000000
C            4.65966600000000        1.21201900000000       -0.15820800000000
C           -3.63420900000000        3.44000800000000       -0.24751600000000
C           -4.48754700000000        1.24403500000000       -0.38227500000000
C            0.91800200000000       -4.56331200000000        0.30380400000000
C           -1.03870500000000       -4.51451900000000        0.22854700000000
N            4.97855300000000        3.80063500000000       -0.14345500000000
N            5.79398200000000        1.65009800000000       -0.28273400000000
N           -4.93239700000000        3.88076700000000       -0.22018700000000
N           -5.43845000000000        0.63541300000000       -0.56090300000000
N            2.01660400000000       -3.97357300000000        0.02442100000000
N           -2.09710000000000       -3.90309700000000       -0.14181500000000
C            6.06983000000000        3.03951000000000       -0.43308300000000
C           -6.03788400000000        3.41264600000000       -0.03845700000000
C           -0.04828900000000       -5.44608400000000       -0.30669700000000
N            7.21387000000000        3.39498000000000       -0.79291100000000
N           -7.16301700000000        3.25889700000000        0.34315000000000
N            0.02937600000000       -6.52846100000000       -0.94770700000000
C            2.79502700000000        4.19275000000000        0.52575700000000
C           -2.65924100000000        4.32835900000000       -0.33004700000000
C            2.32828000000000       -2.77377700000000        0.39543000000000
C           -2.39942700000000       -2.68807200000000        0.21349900000000
C            1.60969400000000        4.75217600000000        0.57702500000000
C           -1.41112700000000        5.09054500000000       -0.38743300000000
N            2.66169000000000        5.64837200000000        0.88749800000000
N           -2.55079100000000        5.72567900000000       -0.35756000000000
H            7.36493300000000        4.38136400000000       -0.95138300000000
H           -7.96095000000000        2.88658400000000       -0.13023600000000
H           -0.85622700000000       -6.93123600000000       -1.23318100000000
H            2.89505100000000        6.32177400000000        0.15334200000000
H           -3.07776600000000        6.57695800000000       -0.35270900000000
H            0.55073300000000        4.73097000000000        0.43692000000000
C           -3.16609900000000       -0.42377700000000       10.92128100000000
C           -3.65946700000000       -1.38582100000000       10.39753200000000
C           -4.33203800000000       -2.55474900000000        9.97189300000000
C           -4.80524300000000       -3.42056800000000       10.93945100000000
C           -5.56094400000000       -4.55317900000000       10.63495300000000
C           -5.87944000000000       -4.80716500000000        9.33083600000000
C           -5.42795500000000       -3.96183700000000        8.29558800000000
C           -5.79389500000000       -4.21077800000000        6.95854500000000
C           -5.37575300000000       -3.38066000000000        5.95003100000000
C           -4.52446400000000       -2.30129400000000        6.24736900000000
C           -4.12479000000000       -2.05036400000000        7.53413500000000
C           -4.60575500000000       -2.84476800000000        8.60631700000000
C           -3.12459700000000       -0.98181700000000        7.73863500000000
N           -3.46860200000000        0.26667600000000        7.39841500000000
C           -2.60758200000000        1.23828100000000        7.55961500000000
C           -1.31190300000000        1.06321000000000        8.06446600000000
C           -0.86904700000000       -0.27456700000000        8.26790000000000
C           -1.83626400000000       -1.28814700000000        8.12869700000000
F           -1.48159200000000       -2.56933000000000        8.33787300000000
N            0.41269900000000       -0.58671200000000        8.53101900000000
C            1.26051100000000        0.41517800000000        8.52157100000000
N            0.96019600000000        1.71264300000000        8.42329500000000
C           -0.30641000000000        2.07450600000000        8.28318700000000
N           -0.57304000000000        3.39416300000000        8.30924400000000
C           -1.79225300000000        3.96166900000000        8.83764800000000
C           -1.47917300000000        4.70469700000000       10.15106900000000
C           -0.69476200000000        3.78293900000000       11.11383300000000
C            0.77576200000000        4.05544500000000       10.75533000000000
C            0.67285300000000        5.07495200000000        9.60125600000000
C            0.51963400000000        4.34720300000000        8.26206300000000
N           -0.57596000000000        5.79445200000000        9.81760700000000
O            2.55725000000000        0.19173800000000        8.67966700000000
C            2.97036900000000       -1.15790300000000        8.82027000000000
C            4.44872600000000       -1.17329100000000        9.23438000000000
C            4.92890500000000       -2.62038900000000        9.46863700000000
C            6.32641800000000       -2.63813800000000        8.85452700000000
C            6.14294200000000       -1.69391200000000        7.66323400000000
N            5.26801800000000       -0.63300000000000        8.13549500000000
C            5.92876500000000        0.58524500000000        8.56770400000000
C            5.13632200000000        1.05823200000000        9.78471400000000
C            4.68836600000000       -0.24589200000000       10.43456700000000
F            5.92906300000000        1.80341100000000       10.63326700000000
O           -5.72285600000000       -3.56026400000000        4.65127800000000
F           -4.55372300000000       -3.16461200000000       12.24114000000000
H           -2.70899900000000        0.43790700000000       11.30665800000000
H           -5.89415600000000       -5.18928500000000       11.43976400000000
H           -6.48989400000000       -5.66054800000000        9.07676100000000
H           -6.41957000000000       -5.06661700000000        6.74158200000000
H           -4.17247000000000       -1.68477000000000        5.43627200000000
H           -2.94823500000000        2.20470900000000        7.21452100000000
H           -2.52382000000000        3.18129100000000        9.03628000000000
H           -2.20318100000000        4.67962100000000        8.12086100000000
H           -2.41127900000000        5.08141000000000       10.57638200000000
H           -0.90828800000000        4.04685600000000       12.14962000000000
H           -0.96398300000000        2.73786900000000       10.96663100000000
H            1.31333900000000        4.48847600000000       11.59844400000000
H            1.29952800000000        3.15827800000000       10.43333300000000
H            1.51959700000000        5.76047100000000        9.55065800000000
H            1.42970300000000        3.80868500000000        8.00518600000000
H            0.28445800000000        5.08650700000000        7.49042200000000
H           -0.48711800000000        6.43576300000000       10.60005200000000
H            2.34854100000000       -1.65905500000000        9.57000400000000
H            2.84273900000000       -1.67419800000000        7.86325200000000
H            4.92062600000000       -2.88121300000000       10.52478100000000
H            4.28012700000000       -3.31589500000000        8.93543700000000
H            7.05659000000000       -2.22415500000000        9.55206100000000
H            6.64977500000000       -3.63402000000000        8.56099800000000
H            5.63700500000000       -2.22003400000000        6.84691800000000
H            7.07856600000000       -1.28439500000000        7.28303200000000
H            6.97084700000000        0.41476000000000        8.87727600000000
H            5.92288100000000        1.31921700000000        7.75800500000000
H            4.29014100000000        1.69058700000000        9.50579400000000
H            3.80232500000000       -0.12533800000000       11.05304700000000
H            5.50522600000000       -0.62157200000000       11.05341700000000
H           -6.29420900000000       -4.33301400000000        4.56418100000000
123
 energy: -235.290702003716 gnorm: 0.003617898416 xtb: 6.7.1pre (5071a88)
N           -0.00189872103592        0.05052478413978        0.38119313258506
C            0.03460450772334        1.45309459437955        0.12312586166858
C            1.21504148524352       -0.63025939776773        0.37313515021968
C           -1.21792703447233       -0.59162480601952        0.28520177780267
N            1.18231836119787        2.05831823286767        0.00129597682865
N           -1.10114544601274        2.10748512648698       -0.00875655968743
N            2.34035637370262       -0.00188706976291        0.22377908013864
N            1.15703312621206       -1.97072876400660        0.52131076887481
N           -2.31271378715430        0.06396848987589        0.03597602528709
N           -1.22354204753346       -1.93295535630537        0.44590999840770
C            2.29865845781279        1.32584843308730        0.07701524438034
C           -0.04932129929336       -2.55248745382942        0.84189362553332
C           -2.21992868869954        1.40075514138111       -0.04601673828944
N            3.51181754857409        1.93124456789644       -0.03274050330496
N           -0.08756098786176       -3.88534064320562        1.21433002656672
N           -3.41611711270258        2.02627231186089       -0.21290432328139
C            3.79382830056805        3.33290153059561        0.08593015918602
C            4.65983556213998        1.21243805080947       -0.15508990378754
C           -3.63486790165544        3.43982434458376       -0.24761115044571
C           -4.48796854020531        1.24358213071989       -0.38199295655847
C            0.91813850487178       -4.56313061215033        0.30411085350059
C           -1.03811132323320       -4.51479588342595        0.22748880874780
N            4.97831454379758        3.80086151492623       -0.14323742095051
N            5.79451951748892        1.65082165657198       -0.27861468913734
N           -4.93263631742466        3.88171805248926       -0.21821991220406
N           -5.43763338892051        0.63373712813681       -0.56490978832658
N            2.01689359785876       -3.97377066254430        0.02386828037413
N           -2.09586111075069       -3.90327845452904       -0.14512312513384
C            6.06969670416633        3.03968325377669       -0.43133363091573
C           -6.03702132239717        3.41446356238059       -0.03165382463218
C           -0.04773563665253       -5.44627825143394       -0.30648410687184
N            7.21361493676080        3.39444845866836       -0.79248582558405
N           -7.16578571764724        3.27097513731208        0.34199721248179
N            0.03065947663462       -6.52958499209194       -0.94666205278600
C            2.79432451858453        4.19259978454939        0.52657536331466
C           -2.65981036395570        4.32799170673109       -0.33105409525989
C            2.32843181398321       -2.77374260658708        0.39533219192105
C           -2.39835389432294       -2.68788446479464        0.20942792966967
C            1.60913043458964        4.75176300387486        0.57816103710674
C           -1.41182048752254        5.08992800909687       -0.39027696316305
N            2.66200682777657        5.64900591179921        0.88638837644828
N           -2.55140043677175        5.72549398056090       -0.35920542149643
H            7.36317562098989        4.38035405170752       -0.95443122371815
H           -7.95757065462115        2.88103576322199       -0.12672089660053
H           -0.85491684171162       -6.93196907593724       -1.23261454645373
H            2.89605389767516        6.32044665050923        0.15092815622538
H           -3.07802666170199        6.57684102975537       -0.35398415404030
H            0.55057200749498        4.73079138599864        0.43789763632804
C           -3.17660779813664       -0.41422114590475       10.91745327317924
C           -3.65743435830677       -1.38542149496897       10.39788536839139
C           -4.33040773327490       -2.55413202318985        9.97182142421203
C           -4.80392034497271       -3.41946126982670       10.93981761730019
C           -5.56003971241189       -4.55198281246965       10.63562513015012
C           -5.87860303424994       -4.80632552950277        9.33142479483506
C           -5.42726503694489       -3.96132006435212        8.29570487783063
C           -5.79327858853629       -4.21070297066536        6.95865170823273
C           -5.37574697807613       -3.38055704291827        5.94944220778035
C           -4.52494543237573       -2.30069057229892        6.24699441670606
C           -4.12478889347310       -2.04976985817927        7.53369773433912
C           -4.60493776278794       -2.84411584736974        8.60633601838825
C           -3.12450477146289       -0.98123469513832        7.73763542265330
N           -3.46764832909462        0.26741238322046        7.39561441656459
C           -2.60664117404515        1.23895285413886        7.55757297995542
C           -1.31133657737531        1.06359501784827        8.06356137218185
C           -0.86870047091784       -0.27434035491322        8.26809758009939
C           -1.83615733900710       -1.28773305565398        8.12929684417541
F           -1.48168609596125       -2.56831068811173        8.33926507920619
N            0.41337348201919       -0.58603989124490        8.53090636604052
C            1.26109585733685        0.41577616140220        8.52155324106169
N            0.96065126014939        1.71339383095192        8.42245584645666
C           -0.30620665427503        2.07481346076954        8.28297006566388
N           -0.57380753319940        3.39454598512385        8.30870878523683
C           -1.79344275013994        3.95991341115363        8.83895789589880
C           -1.48047333587183        4.70348376632059       10.15228890670614
C           -0.69581014137415        3.78166451347645       11.11494654188885
C            0.77458116556861        4.05468552031189       10.75569243092440
C            0.67154075547516        5.07515191258768        9.60225425694922
C            0.51851104847561        4.34850042709384        8.26203614173571
N           -0.57789549351756        5.79388154180561        9.81854937699970
O            2.55791147836216        0.19226365336097        8.67904942880947
C            2.97092919805450       -1.15773572497843        8.81941804120280
C            4.44864372841943       -1.17398474465784        9.23568941978726
C            4.92818480603566       -2.62119459848782        9.46910745916169
C            6.32550234930494       -2.63969916747650        8.85409424346623
C            6.14326806909485       -1.69602140819026        7.66242496683882
N            5.27102766983632       -0.63488663961199        8.13877902385675
C            5.92982127884021        0.58487082671894        8.56803752545492
C            5.13689550204680        1.05864631851260        9.78465501963463
C            4.68854372768027       -0.24540208716445       10.43492275026735
F            5.92938319207493        1.80405100256592       10.63275633554555
O           -5.72281824249981       -3.55821140970982        4.65164390560556
F           -4.55270414336250       -3.16242680610962       12.24139130303850
H           -2.69826662102029        0.43459056783870       11.30635163343322
H           -5.89317572453672       -5.18791124448882       11.44062224333643
H           -6.48897335036677       -5.65987221457250        9.07753721561488
H           -6.41843120791651       -5.06691736192532        6.74197640014583
H           -4.17319193821776       -1.68489630615288        5.43509331213819
H           -2.94738333428044        2.20613926251704        7.21397672842804
H           -2.52314223499375        3.17763872480773        9.03867506014180
H           -2.20666068973189        4.67684285558860        8.12204807250969
H           -2.41276690924099        5.07970280573487       10.57796142729753
H           -0.90921775966160        4.04552290455784       12.15074201854918
H           -0.96479829244155        2.73657913877434       10.96815601102532
H            1.31313729076291        4.48718294476542       11.59868545596595
H            1.29794815649982        3.15755426875554       10.43285883102878
H            1.51809156298689        5.76131298434787        9.55229261840284
H            1.42905735280705        3.81080562059196        8.00484545830308
H            0.28312896477888        5.08856164498230        7.49039894736666
H           -0.48967285926408        6.43562959469118       10.60073526352699
H            2.34858076559439       -1.65915693331381        9.56843964659648
H            2.84409110170806       -1.67392213319242        7.86221237419318
H            4.91997620692937       -2.88177702633831       10.52526725732501
H            4.27884705030359       -3.31627503323117        8.93620036760042
H            7.05671265409673       -2.22694890866823        9.55129613165583
H            6.64729545018359       -3.63557506460959        8.55968575201594
H            5.63540022549995       -2.22047165507547        6.84654630616423
H            7.07856106398187       -1.28714218432697        7.28128959956078
H            6.97153527459515        0.41408038158326        8.87734973198600
H            5.92448957057157        1.31702890382111        7.75673245805128
H            4.29086456162712        1.69114641988275        9.50518811753111
H            3.80240730831201       -0.12443321835275       11.05314945113770
H            5.50507408024904       -0.62113456196768       11.05408480548163
H           -6.29091996452593       -4.33306014765226        4.56142689810402
123
 energy: -235.290743387805 gnorm: 0.003957877533 xtb: 6.7.1pre (5071a88)
N           -0.00236941076695        0.04999875710723        0.38145959692993
C            0.03412463430004        1.45252588061994        0.12321876218228
C            1.21492500437633       -0.63027367068685        0.37475363290900
C           -1.21803819549035       -0.59209520565354        0.28373469038856
N            1.18138303942287        2.05820328258980        0.00160352029473
N           -1.10203019877822        2.10746179730630       -0.00879734050248
N            2.34017266891180       -0.00184776142679        0.22626033527980
N            1.15716736997115       -1.97128424767648        0.52204858891698
N           -2.31294745598543        0.06371027809100        0.03418473583799
N           -1.22360884203228       -1.93376921595561        0.44338766389322
C            2.29835542266522        1.32605188349996        0.07817156422665
C           -0.04947272282745       -2.55308056250981        0.84117673668451
C           -2.22029285987631        1.40020722180826       -0.04614765555234
N            3.51137759580467        1.93160038753509       -0.03036771585326
N           -0.08869605059005       -3.88509208003447        1.21434749850164
N           -3.41717513572818        2.02552711234890       -0.21352023498664
C            3.79288313672045        3.33320724351799        0.08688406009677
C            4.66016079764849        1.21311729851887       -0.14833405186786
C           -3.63562742499004        3.43963929201809       -0.24741978735801
C           -4.48766867098547        1.24267649116054       -0.38594985567292
C            0.91844546442671       -4.56284895858689        0.30472288305392
C           -1.03695048020255       -4.51542477151340        0.22515987033151
N            4.97764255824056        3.80127781551378       -0.14276160569202
N            5.79530374198504        1.65203165304322       -0.27005664475544
N           -4.93287347564991        3.88326471529025       -0.21940132175952
N           -5.43916370751730        0.63459447222540       -0.56711502729319
N            2.01739649857317       -3.97412952897347        0.02306248405203
N           -2.09338329938482       -3.90377159294279       -0.15193584131218
C            6.06910830151201        3.03990384744821       -0.42823040900454
C           -6.03644230793784        3.41765880697305       -0.02840606077033
C           -0.04647982093505       -5.44679539241851       -0.30620525557640
N            7.21280893948994        3.39334260082480       -0.79200738420222
N           -7.16597930680833        3.28232539263669        0.34440690653212
N            0.03343859996273       -6.53174985950224       -0.94457636120260
C            2.79299581665108        4.19251449305556        0.52809596274431
C           -2.66028112764712        4.32743124953752       -0.33152426483966
C            2.32854500849749       -2.77370125757265        0.39541544389290
C           -2.39624991559018       -2.68771337416199        0.20109643023816
C            1.60799638291370        4.75132973635869        0.57984305805315
C           -1.41257990354066        5.08887898953709       -0.39546501519868
N            2.66247097071133        5.65028119671216        0.88402653907887
N           -2.55200995215087        5.72519802572553       -0.36160685765271
H            7.35967853404445        4.37845065961787       -0.96028411572803
H           -7.95510206593154        2.87769945186191       -0.11521861581279
H           -0.85208222513305       -6.93352144507138       -1.23141759872867
H            2.89742165671142        6.31811362701812        0.14598461171947
H           -3.07809934399081        6.57666106529502       -0.35653961556670
H            0.54995381371242        4.73066513977370        0.43996028319533
C           -3.15751482472352       -0.42048874745997       10.91794210209145
C           -3.65594973540314       -1.38154675511956       10.39576002243129
C           -4.33025655448326       -2.55022713429621        9.97106635644301
C           -4.80276287727213       -3.41523201987985       10.94011379592843
C           -5.55810424640947       -4.54868114052300       10.63672260294478
C           -5.87676380369187       -4.80418285171171        9.33252190687973
C           -5.42606638010477       -3.95990155515810        8.29571437988559
C           -5.79202474243652       -4.21042716180585        6.95873458052461
C           -5.37582925945594       -3.38026562557804        5.94826480794106
C           -4.52573691891062       -2.29950321830384        6.24597535991770
C           -4.12489431087290       -2.04819476927809        7.53243658181438
C           -4.60438761931764       -2.84185075589657        8.60587791148677
C           -3.12426788748807       -0.97989483767314        7.73543574327513
N           -3.46573339882639        0.26887423324909        7.39015352101272
C           -2.60485703543442        1.24026423464073        7.55380557457040
C           -1.31031893868412        1.06440659332524        8.06192110782875
C           -0.86811641642273       -0.27376999578965        8.26811017673514
C           -1.83606976100229       -1.28676645620033        8.13007977222805
F           -1.48226711652609       -2.56633847623703        8.34209009206256
N            0.41450482328947       -0.58465777876106        8.53052028597789
C            1.26212852490771        0.41699797197947        8.52111600263888
N            0.96149925401803        1.71489733356739        8.42089760691168
C           -0.30578449079206        2.07549023382769        8.28244127466647
N           -0.57534150819967        3.39526897918310        8.30786851359002
C           -1.79586310231674        3.95638754229327        8.84160804325725
C           -1.48332642772717        4.70083972483618       10.15475265901448
C           -0.69773740228166        3.77931204635630       11.11711845142992
C            0.77232246076670        4.05316033728933       10.75639929508118
C            0.66853159845949        5.07548780728480        9.60436348007088
C            0.51613981305421        4.35089311554749        8.26237648056644
N           -0.58209768690281        5.79252869700247        9.82081666595758
O            2.55911461387396        0.19338227170751        8.67771278555599
C            2.97210941364435       -1.15714197628754        8.81776756412503
C            4.44880584801897       -1.17493439738885        9.23759771535328
C            4.92676615238163       -2.62259266361158        9.47010629061895
C            6.32352605740455       -2.64370641787796        8.85320362094415
C            6.14325585129717       -1.69991530460912        7.66163942221080
N            5.27591542067692       -0.63786534050372        8.14394207087078
C            5.93192390883863        0.58398267939909        8.56839399799963
C            5.13808496635060        1.05915907704204        9.78423053776156
C            4.68876309462139       -0.24454606578661       10.43542318992029
F            5.93005183443041        1.80473857460807       10.63180369949067
O           -5.72259622979995       -3.55493120961681        4.65200406011191
F           -4.55095901923561       -3.15668304670618       12.24132639019472
H           -2.70469629297696        0.44281498880639       11.30402176830817
H           -5.89051883249750       -5.18445717645877       11.44217340698170
H           -6.48663751349157       -5.65835918655720        9.07929712605942
H           -6.41595702643144       -5.06758022198611        6.74266843907667
H           -4.17463311129580       -1.68497740847537        5.43263223510432
H           -2.94508170933416        2.20841755852467        7.21145112949946
H           -2.52183526206953        3.17054115450825        9.04333536095633
H           -2.21372842831775        4.67136861740623        8.12485553020009
H           -2.41603458781964        5.07593259464571       10.58097157437279
H           -0.91074285547283        4.04311014285552       12.15297766720205
H           -0.96625931385772        2.73416626542929       10.97100427348975
H            1.31258493042991        4.48447256430922       11.59923102066790
H            1.29499547593806        3.15623459014496       10.43172162083197
H            1.51454426841330        5.76288713219293        9.55568685435355
H            1.42751284832238        3.81483678641907        8.00431313648208
H            0.28013372406209        5.09231806399999        7.49114429776047
H           -0.49512602120973        6.43498851278104       10.60259648875214
H            2.34864375877788       -1.65910549866836        9.56536428443195
H            2.84684034666110       -1.67293107781630        7.86012077349850
H            4.91926152411845       -2.88279500080169       10.52631297453097
H            4.27595744494647       -3.31684027607498        8.93816295454825
H            7.05674834441595       -2.23325080584183        9.54965401127764
H            6.64207977766471       -3.63997918461910        8.55760220929606
H            5.63205968941171       -2.22128776248736        6.84632417991062
H            7.07833073093122       -1.29258442683326        7.27917639565593
H            6.97317231495779        0.41314086808754        8.87765449148690
H            5.92729240913115        1.31329405190164        7.75457956053708
H            4.29244073770166        1.69198414821071        9.50370878176603
H            3.80247060671749       -0.12259644453242       11.05322620018253
H            5.50474922269831       -0.62026352850638       11.05519405113818
H           -6.28453119862011       -4.33377173152626        4.55612547917217
